// Jest Snapshot v1, https://goo.gl/fbAQLP

exports[`SearchBox renders properly 1`] = `
<div>
  <label
    htmlFor="search"
    style={
      Object {
        "fontSize": 0,
        "position": "absolute",
      }
    }
  >
    Search
  </label>
  <input
    className="search"
    id="search"
    onChange={[MockFunction]}
    placeholder="search robots"
    type="search"
  />
</div>
`;
